mode: set
github.com/gourdian25/gourdiangin/gourdiangin.go:78.40,79.34 1 1
github.com/gourdian25/gourdiangin/gourdiangin.go:79.34,81.3 1 1
github.com/gourdian25/gourdiangin/gourdiangin.go:82.2,82.61 1 1
github.com/gourdian25/gourdiangin/gourdiangin.go:82.61,84.3 1 1
github.com/gourdian25/gourdiangin/gourdiangin.go:85.2,85.27 1 1
github.com/gourdian25/gourdiangin/gourdiangin.go:85.27,87.3 1 1
github.com/gourdian25/gourdiangin/gourdiangin.go:88.2,88.12 1 1
github.com/gourdian25/gourdiangin/gourdiangin.go:156.74,157.26 1 1
github.com/gourdian25/gourdiangin/gourdiangin.go:157.26,159.17 2 1
github.com/gourdian25/gourdiangin/gourdiangin.go:159.17,160.66 1 0
github.com/gourdian25/gourdiangin/gourdiangin.go:162.3,163.25 2 1
github.com/gourdian25/gourdiangin/gourdiangin.go:166.2,166.42 1 1
github.com/gourdian25/gourdiangin/gourdiangin.go:166.42,168.3 1 0
github.com/gourdian25/gourdiangin/gourdiangin.go:170.2,170.60 1 1
github.com/gourdian25/gourdiangin/gourdiangin.go:170.60,172.3 1 0
github.com/gourdian25/gourdiangin/gourdiangin.go:174.2,183.16 5 1
github.com/gourdian25/gourdiangin/gourdiangin.go:183.16,185.3 1 0
github.com/gourdian25/gourdiangin/gourdiangin.go:186.2,197.3 4 1
github.com/gourdian25/gourdiangin/gourdiangin.go:212.55,214.2 1 0
github.com/gourdian25/gourdiangin/gourdiangin.go:216.52,217.29 1 1
github.com/gourdian25/gourdiangin/gourdiangin.go:217.29,219.3 1 1
github.com/gourdian25/gourdiangin/gourdiangin.go:221.2,224.50 3 1
github.com/gourdian25/gourdiangin/gourdiangin.go:224.50,226.3 1 0
github.com/gourdian25/gourdiangin/gourdiangin.go:228.2,228.94 1 1
github.com/gourdian25/gourdiangin/gourdiangin.go:228.94,230.3 1 0
github.com/gourdian25/gourdiangin/gourdiangin.go:232.2,233.12 2 1
github.com/gourdian25/gourdiangin/gourdiangin.go:236.52,237.29 1 1
github.com/gourdian25/gourdiangin/gourdiangin.go:237.29,239.3 1 1
github.com/gourdian25/gourdiangin/gourdiangin.go:241.2,241.76 1 1
github.com/gourdian25/gourdiangin/gourdiangin.go:241.76,243.3 1 0
github.com/gourdian25/gourdiangin/gourdiangin.go:245.2,246.12 2 1
github.com/gourdian25/gourdiangin/gourdiangin.go:264.82,265.19 1 1
github.com/gourdian25/gourdiangin/gourdiangin.go:265.19,268.3 2 0
github.com/gourdian25/gourdiangin/gourdiangin.go:270.2,271.16 2 1
github.com/gourdian25/gourdiangin/gourdiangin.go:271.16,272.25 1 1
github.com/gourdian25/gourdiangin/gourdiangin.go:272.25,275.4 2 1
github.com/gourdian25/gourdiangin/gourdiangin.go:276.3,276.70 1 0
github.com/gourdian25/gourdiangin/gourdiangin.go:279.2,280.16 2 1
github.com/gourdian25/gourdiangin/gourdiangin.go:280.16,282.3 1 1
github.com/gourdian25/gourdiangin/gourdiangin.go:284.2,285.16 2 1
github.com/gourdian25/gourdiangin/gourdiangin.go:285.16,287.85 2 0
github.com/gourdian25/gourdiangin/gourdiangin.go:287.85,289.4 1 0
github.com/gourdian25/gourdiangin/gourdiangin.go:290.3,290.13 1 0
github.com/gourdian25/gourdiangin/gourdiangin.go:293.2,294.56 2 1
github.com/gourdian25/gourdiangin/gourdiangin.go:294.56,296.53 1 1
github.com/gourdian25/gourdiangin/gourdiangin.go:296.53,298.86 2 1
github.com/gourdian25/gourdiangin/gourdiangin.go:298.86,300.5 1 0
github.com/gourdian25/gourdiangin/gourdiangin.go:301.4,301.14 1 1
github.com/gourdian25/gourdiangin/gourdiangin.go:303.3,303.66 1 0
github.com/gourdian25/gourdiangin/gourdiangin.go:306.2,307.12 2 0
github.com/gourdian25/gourdiangin/gourdiangin.go:307.12,310.3 2 0
github.com/gourdian25/gourdiangin/gourdiangin.go:312.2,312.9 1 0
github.com/gourdian25/gourdiangin/gourdiangin.go:313.21,314.17 1 0
github.com/gourdian25/gourdiangin/gourdiangin.go:314.17,315.59 1 0
github.com/gourdian25/gourdiangin/gourdiangin.go:315.59,317.5 1 0
github.com/gourdian25/gourdiangin/gourdiangin.go:317.10,319.5 1 0
github.com/gourdian25/gourdiangin/gourdiangin.go:321.37,322.67 1 0
github.com/gourdian25/gourdiangin/gourdiangin.go:325.2,325.66 1 0
github.com/gourdian25/gourdiangin/gourdiangin.go:325.66,327.3 1 0
github.com/gourdian25/gourdiangin/gourdiangin.go:329.2,330.12 2 0
github.com/gourdian25/gourdiangin/gourdiangin.go:350.44,354.43 3 1
github.com/gourdian25/gourdiangin/gourdiangin.go:354.43,356.3 1 0
github.com/gourdian25/gourdiangin/gourdiangin.go:357.2,357.15 1 1
github.com/gourdian25/gourdiangin/gourdiangin.go:357.15,358.44 1 1
github.com/gourdian25/gourdiangin/gourdiangin.go:358.44,360.4 1 0
github.com/gourdian25/gourdiangin/gourdiangin.go:363.2,364.12 2 1
github.com/gourdian25/gourdiangin/gourdiangin.go:364.12,366.23 2 1
github.com/gourdian25/gourdiangin/gourdiangin.go:366.23,369.4 2 1
github.com/gourdian25/gourdiangin/gourdiangin.go:369.9,372.4 2 1
github.com/gourdian25/gourdiangin/gourdiangin.go:373.3,373.48 1 1
github.com/gourdian25/gourdiangin/gourdiangin.go:373.48,376.4 2 0
github.com/gourdian25/gourdiangin/gourdiangin.go:379.2,379.9 1 1
github.com/gourdian25/gourdiangin/gourdiangin.go:380.26,381.45 1 0
github.com/gourdian25/gourdiangin/gourdiangin.go:382.21,384.23 2 1
github.com/gourdian25/gourdiangin/gourdiangin.go:401.47,405.18 3 1
github.com/gourdian25/gourdiangin/gourdiangin.go:405.18,407.3 1 1
github.com/gourdian25/gourdiangin/gourdiangin.go:409.2,412.48 3 1
github.com/gourdian25/gourdiangin/gourdiangin.go:412.48,414.3 1 0
github.com/gourdian25/gourdiangin/gourdiangin.go:416.2,417.12 2 1
github.com/gourdian25/gourdiangin/gourdiangin.go:434.54,436.2 1 1
github.com/gourdian25/gourdiangin/gourdiangin.go:438.49,439.9 1 1
github.com/gourdian25/gourdiangin/gourdiangin.go:440.38,441.57 1 1
github.com/gourdian25/gourdiangin/gourdiangin.go:442.37,443.82 1 0
github.com/gourdian25/gourdiangin/gourdiangin.go:446.2,447.12 2 1
github.com/gourdian25/gourdiangin/gourdiangin.go:447.12,450.3 2 1
github.com/gourdian25/gourdiangin/gourdiangin.go:452.2,452.9 1 1
github.com/gourdian25/gourdiangin/gourdiangin.go:453.14,454.53 1 1
github.com/gourdian25/gourdiangin/gourdiangin.go:455.63,456.54 1 0
github.com/gourdian25/gourdiangin/gourdiangin.go:501.72,503.31 2 1
github.com/gourdian25/gourdiangin/gourdiangin.go:503.31,506.45 1 1
github.com/gourdian25/gourdiangin/gourdiangin.go:506.45,506.57 1 1
github.com/gourdian25/gourdiangin/gourdiangin.go:507.46,512.5 1 1
github.com/gourdian25/gourdiangin/gourdiangin.go:515.2,515.15 1 1
github.com/gourdian25/gourdiangin/gourdiangin.go:518.78,519.20 1 1
github.com/gourdian25/gourdiangin/gourdiangin.go:519.20,521.3 1 1
github.com/gourdian25/gourdiangin/gourdiangin.go:523.2,523.57 1 1
github.com/gourdian25/gourdiangin/gourdiangin.go:523.57,525.3 1 1
github.com/gourdian25/gourdiangin/gourdiangin.go:527.2,528.16 2 1
github.com/gourdian25/gourdiangin/gourdiangin.go:528.16,529.27 1 1
github.com/gourdian25/gourdiangin/gourdiangin.go:529.27,531.4 1 0
github.com/gourdian25/gourdiangin/gourdiangin.go:532.3,532.68 1 1
github.com/gourdian25/gourdiangin/gourdiangin.go:535.2,543.8 1 1
github.com/gourdian25/gourdiangin/gourdiangin.go:546.78,547.20 1 1
github.com/gourdian25/gourdiangin/gourdiangin.go:547.20,549.27 2 1
github.com/gourdian25/gourdiangin/gourdiangin.go:549.27,551.4 1 0
github.com/gourdian25/gourdiangin/gourdiangin.go:555.76,560.25 4 1
github.com/gourdian25/gourdiangin/gourdiangin.go:560.25,562.17 2 1
github.com/gourdian25/gourdiangin/gourdiangin.go:562.17,563.9 1 1
github.com/gourdian25/gourdiangin/gourdiangin.go:565.3,565.30 1 0
github.com/gourdian25/gourdiangin/gourdiangin.go:568.2,568.16 1 1
github.com/gourdian25/gourdiangin/gourdiangin.go:568.16,569.68 1 0
github.com/gourdian25/gourdiangin/gourdiangin.go:569.68,571.4 1 0
github.com/gourdian25/gourdiangin/gourdiangin.go:572.3,572.66 1 0
github.com/gourdian25/gourdiangin/gourdiangin.go:575.2,576.26 2 1
github.com/gourdian25/gourdiangin/gourdiangin.go:576.26,578.3 1 1
github.com/gourdian25/gourdiangin/gourdiangin.go:579.2,579.12 1 1
